APEX CALL: Execute_Apex_Query
SCREEN: Select_Items_Screen
LOOP: Action_Loop
  ASSIGNMENT: Create_Request
  ASSIGNMENT: Add_Request
try:
  APEX CALL: DoBulkAction
  SCREEN: Confirmation_Screen
except:
  SCREEN: Fault_Screen
