Get_Accounts
LOOP: Account_Loop
  DECISION: Account_Decision
    CASE: If Account Number starts with 1
      Delete_Account
    DEFAULT:
      Update_Account
ACTION CALL: Do_Bulk_Action
